// Jest Snapshot v1, https://goo.gl/fbAQLP

exports[`<Button> render components 1`] = `
<button
  className="simple_btn"
  onClick={[Function]}
  type="button"
>
  Click
</button>
`;
