// Jest Snapshot v1, https://goo.gl/fbAQLP

exports[`<DisplayNum> render components 1`] = `
<div
  className="number_block highlight"
>
  10
</div>
`;
